2025-08-11T16:58:02.8447504Z Current runner version: '2.327.1'
2025-08-11T16:58:02.8471997Z ##[group]Runner Image Provisioner
2025-08-11T16:58:02.8472736Z Hosted Compute Agent
2025-08-11T16:58:02.8473276Z Version: 20250711.363
2025-08-11T16:58:02.8473876Z Commit: 6785254374ce925a23743850c1cb91912ce5c14c
2025-08-11T16:58:02.8474566Z Build Date: 2025-07-11T20:04:25Z
2025-08-11T16:58:02.8475110Z ##[endgroup]
2025-08-11T16:58:02.8475713Z ##[group]Operating System
2025-08-11T16:58:02.8476294Z Ubuntu
2025-08-11T16:58:02.8476745Z 24.04.2
2025-08-11T16:58:02.8477245Z LTS
2025-08-11T16:58:02.8477832Z ##[endgroup]
2025-08-11T16:58:02.8478329Z ##[group]Runner Image
2025-08-11T16:58:02.8478877Z Image: ubuntu-24.04
2025-08-11T16:58:02.8479469Z Version: 20250804.2.0
2025-08-11T16:58:02.8480433Z Included Software: https://github.com/actions/runner-images/blob/ubuntu24/20250804.2/images/ubuntu/Ubuntu2404-Readme.md
2025-08-11T16:58:02.8482027Z Image Release: https://github.com/actions/runner-images/releases/tag/ubuntu24%2F20250804.2
2025-08-11T16:58:02.8483023Z ##[endgroup]
2025-08-11T16:58:02.8484490Z ##[group]GITHUB_TOKEN Permissions
2025-08-11T16:58:02.8486611Z Contents: read
2025-08-11T16:58:02.8487108Z Metadata: read
2025-08-11T16:58:02.8487961Z Packages: read
2025-08-11T16:58:02.8488472Z ##[endgroup]
2025-08-11T16:58:02.8490560Z Secret source: Actions
2025-08-11T16:58:02.8491751Z Prepare workflow directory
2025-08-11T16:58:02.8816339Z Prepare all required actions
2025-08-11T16:58:02.8854594Z Getting action download info
2025-08-11T16:58:03.2464689Z ##[group]Download immutable action package 'actions/checkout@v4'
2025-08-11T16:58:03.2465812Z Version: 4.3.0
2025-08-11T16:58:03.2466762Z Digest: sha256:62afad8896fc57a531e3d48e3f489c729474ff63a4c1791408cea7b32a62ef32
2025-08-11T16:58:03.2468078Z Source commit SHA: 08eba0b27e820071cde6df949e0beb9ba4906955
2025-08-11T16:58:03.2468857Z ##[endgroup]
2025-08-11T16:58:03.4659305Z ##[group]Download immutable action package 'actions/setup-node@v4'
2025-08-11T16:58:03.4660081Z Version: 4.4.0
2025-08-11T16:58:03.4660764Z Digest: sha256:9427cefe82346e992fb5b949e3569b39d537ae41aa3086483b14eceebfc16bc1
2025-08-11T16:58:03.4661818Z Source commit SHA: 49933ea5288caeca8642d1e84afbd3f7d6820020
2025-08-11T16:58:03.4662463Z ##[endgroup]
2025-08-11T16:58:03.5546721Z Download action repository 'codecov/codecov-action@v3' (SHA:ab904c41d6ece82784817410c45d8b8c02684457)
2025-08-11T16:58:03.9950226Z Complete job name: frontend-unit-tests (20)
2025-08-11T16:58:04.0599630Z ##[group]Run actions/checkout@v4
2025-08-11T16:58:04.0600554Z with:
2025-08-11T16:58:04.0601014Z   repository: genestewart/unifiedcontractors-project
2025-08-11T16:58:04.0601737Z   token: ***
2025-08-11T16:58:04.0602108Z   ssh-strict: true
2025-08-11T16:58:04.0602481Z   ssh-user: git
2025-08-11T16:58:04.0602867Z   persist-credentials: true
2025-08-11T16:58:04.0603290Z   clean: true
2025-08-11T16:58:04.0603675Z   sparse-checkout-cone-mode: true
2025-08-11T16:58:04.0604126Z   fetch-depth: 1
2025-08-11T16:58:04.0604496Z   fetch-tags: false
2025-08-11T16:58:04.0604871Z   show-progress: true
2025-08-11T16:58:04.0605271Z   lfs: false
2025-08-11T16:58:04.0605624Z   submodules: false
2025-08-11T16:58:04.0606015Z   set-safe-directory: true
2025-08-11T16:58:04.0606628Z ##[endgroup]
2025-08-11T16:58:04.1664612Z Syncing repository: genestewart/unifiedcontractors-project
2025-08-11T16:58:04.1666752Z ##[group]Getting Git version info
2025-08-11T16:58:04.1668005Z Working directory is '/home/runner/work/unifiedcontractors-project/unifiedcontractors-project'
2025-08-11T16:58:04.1669185Z [command]/usr/bin/git version
2025-08-11T16:58:04.1727273Z git version 2.50.1
2025-08-11T16:58:04.1753094Z ##[endgroup]
2025-08-11T16:58:04.1766908Z Temporarily overriding HOME='/home/runner/work/_temp/5cf11902-0cc0-4ac8-b002-8cf9e1762212' before making global git config changes
2025-08-11T16:58:04.1768400Z Adding repository directory to the temporary git global config as a safe directory
2025-08-11T16:58:04.1779845Z [command]/usr/bin/git config --global --add safe.directory /home/runner/work/unifiedcontractors-project/unifiedcontractors-project
2025-08-11T16:58:04.1811088Z Deleting the contents of '/home/runner/work/unifiedcontractors-project/unifiedcontractors-project'
2025-08-11T16:58:04.1814203Z ##[group]Initializing the repository
2025-08-11T16:58:04.1818466Z [command]/usr/bin/git init /home/runner/work/unifiedcontractors-project/unifiedcontractors-project
2025-08-11T16:58:04.1898466Z hint: Using 'master' as the name for the initial branch. This default branch name
2025-08-11T16:58:04.1900036Z hint: is subject to change. To configure the initial branch name to use in all
2025-08-11T16:58:04.1901497Z hint: of your new repositories, which will suppress this warning, call:
2025-08-11T16:58:04.1902445Z hint:
2025-08-11T16:58:04.1902913Z hint: 	git config --global init.defaultBranch <name>
2025-08-11T16:58:04.1903465Z hint:
2025-08-11T16:58:04.1903992Z hint: Names commonly chosen instead of 'master' are 'main', 'trunk' and
2025-08-11T16:58:04.1904877Z hint: 'development'. The just-created branch can be renamed via this command:
2025-08-11T16:58:04.1905611Z hint:
2025-08-11T16:58:04.1906138Z hint: 	git branch -m <name>
2025-08-11T16:58:04.1906817Z hint:
2025-08-11T16:58:04.1907445Z hint: Disable this message with "git config set advice.defaultBranchName false"
2025-08-11T16:58:04.1908889Z Initialized empty Git repository in /home/runner/work/unifiedcontractors-project/unifiedcontractors-project/.git/
2025-08-11T16:58:04.1911862Z [command]/usr/bin/git remote add origin https://github.com/genestewart/unifiedcontractors-project
2025-08-11T16:58:04.1944194Z ##[endgroup]
2025-08-11T16:58:04.1944884Z ##[group]Disabling automatic garbage collection
2025-08-11T16:58:04.1948113Z [command]/usr/bin/git config --local gc.auto 0
2025-08-11T16:58:04.1975595Z ##[endgroup]
2025-08-11T16:58:04.1976228Z ##[group]Setting up auth
2025-08-11T16:58:04.1982076Z [command]/usr/bin/git config --local --name-only --get-regexp core\.sshCommand
2025-08-11T16:58:04.2010503Z [command]/usr/bin/git submodule foreach --recursive sh -c "git config --local --name-only --get-regexp 'core\.sshCommand' && git config --local --unset-all 'core.sshCommand' || :"
2025-08-11T16:58:04.2314226Z [command]/usr/bin/git config --local --name-only --get-regexp http\.https\:\/\/github\.com\/\.extraheader
2025-08-11T16:58:04.2342796Z [command]/usr/bin/git submodule foreach --recursive sh -c "git config --local --name-only --get-regexp 'http\.https\:\/\/github\.com\/\.extraheader' && git config --local --unset-all 'http.https://github.com/.extraheader' || :"
2025-08-11T16:58:04.2558590Z [command]/usr/bin/git config --local http.https://github.com/.extraheader AUTHORIZATION: basic ***
2025-08-11T16:58:04.2591964Z ##[endgroup]
2025-08-11T16:58:04.2592696Z ##[group]Fetching the repository
2025-08-11T16:58:04.2609265Z [command]/usr/bin/git -c protocol.version=2 fetch --no-tags --prune --no-recurse-submodules --depth=1 origin +bfce63de198f20eb1c5aec3c3503669208ff2681:refs/remotes/origin/main
2025-08-11T16:58:06.3229068Z From https://github.com/genestewart/unifiedcontractors-project
2025-08-11T16:58:06.3230946Z  * [new ref]           bfce63de198f20eb1c5aec3c3503669208ff2681 -> origin/main
2025-08-11T16:58:06.3254206Z ##[endgroup]
2025-08-11T16:58:06.3255441Z ##[group]Determining the checkout info
2025-08-11T16:58:06.3256910Z ##[endgroup]
2025-08-11T16:58:06.3261205Z [command]/usr/bin/git sparse-checkout disable
2025-08-11T16:58:06.3301737Z [command]/usr/bin/git config --local --unset-all extensions.worktreeConfig
2025-08-11T16:58:06.3333326Z ##[group]Checking out the ref
2025-08-11T16:58:06.3337087Z [command]/usr/bin/git checkout --progress --force -B main refs/remotes/origin/main
2025-08-11T16:58:07.3747871Z Updating files:  53% (16713/31364)
2025-08-11T16:58:07.3904886Z Updating files:  54% (16937/31364)
2025-08-11T16:58:07.4038827Z Updating files:  55% (17251/31364)
2025-08-11T16:58:07.4261838Z Updating files:  56% (17564/31364)
2025-08-11T16:58:07.4408647Z Updating files:  57% (17878/31364)
2025-08-11T16:58:07.4551112Z Updating files:  58% (18192/31364)
2025-08-11T16:58:07.4681130Z Updating files:  59% (18505/31364)
2025-08-11T16:58:07.4813715Z Updating files:  60% (18819/31364)
2025-08-11T16:58:07.4932723Z Updating files:  61% (19133/31364)
2025-08-11T16:58:07.5043563Z Updating files:  62% (19446/31364)
2025-08-11T16:58:07.5190156Z Updating files:  63% (19760/31364)
2025-08-11T16:58:07.5431948Z Updating files:  64% (20073/31364)
2025-08-11T16:58:07.5566296Z Updating files:  65% (20387/31364)
2025-08-11T16:58:07.5696243Z Updating files:  66% (20701/31364)
2025-08-11T16:58:07.5829948Z Updating files:  67% (21014/31364)
2025-08-11T16:58:07.5965924Z Updating files:  68% (21328/31364)
2025-08-11T16:58:07.6096418Z Updating files:  69% (21642/31364)
2025-08-11T16:58:07.6228911Z Updating files:  70% (21955/31364)
2025-08-11T16:58:07.6397456Z Updating files:  71% (22269/31364)
2025-08-11T16:58:07.6526637Z Updating files:  72% (22583/31364)
2025-08-11T16:58:07.6880247Z Updating files:  73% (22896/31364)
2025-08-11T16:58:07.7035445Z Updating files:  74% (23210/31364)
2025-08-11T16:58:07.7257459Z Updating files:  75% (23523/31364)
2025-08-11T16:58:07.7401969Z Updating files:  76% (23837/31364)
2025-08-11T16:58:07.7610776Z Updating files:  77% (24151/31364)
2025-08-11T16:58:07.7856126Z Updating files:  78% (24464/31364)
2025-08-11T16:58:07.8010370Z Updating files:  79% (24778/31364)
2025-08-11T16:58:07.8131872Z Updating files:  80% (25092/31364)
2025-08-11T16:58:07.8302773Z Updating files:  81% (25405/31364)
2025-08-11T16:58:07.8582070Z Updating files:  82% (25719/31364)
2025-08-11T16:58:07.9458876Z Updating files:  83% (26033/31364)
2025-08-11T16:58:07.9605511Z Updating files:  84% (26346/31364)
2025-08-11T16:58:07.9807107Z Updating files:  85% (26660/31364)
2025-08-11T16:58:07.9944679Z Updating files:  86% (26974/31364)
2025-08-11T16:58:08.0044465Z Updating files:  87% (27287/31364)
2025-08-11T16:58:08.0310169Z Updating files:  88% (27601/31364)
2025-08-11T16:58:08.0478377Z Updating files:  89% (27914/31364)
2025-08-11T16:58:08.0686455Z Updating files:  90% (28228/31364)
2025-08-11T16:58:08.0996063Z Updating files:  91% (28542/31364)
2025-08-11T16:58:08.1167774Z Updating files:  92% (28855/31364)
2025-08-11T16:58:08.1547505Z Updating files:  93% (29169/31364)
2025-08-11T16:58:08.1700840Z Updating files:  94% (29483/31364)
2025-08-11T16:58:08.1835262Z Updating files:  95% (29796/31364)
2025-08-11T16:58:08.2205053Z Updating files:  96% (30110/31364)
2025-08-11T16:58:08.2341505Z Updating files:  97% (30424/31364)
2025-08-11T16:58:08.2486115Z Updating files:  98% (30737/31364)
2025-08-11T16:58:08.2673552Z Updating files:  99% (31051/31364)
2025-08-11T16:58:08.2673941Z Updating files: 100% (31364/31364)
2025-08-11T16:58:08.2674318Z Updating files: 100% (31364/31364), done.
2025-08-11T16:58:08.2989760Z Switched to a new branch 'main'
2025-08-11T16:58:08.2992277Z branch 'main' set up to track 'origin/main'.
2025-08-11T16:58:08.3044865Z ##[endgroup]
2025-08-11T16:58:08.3082817Z [command]/usr/bin/git log -1 --format=%H
2025-08-11T16:58:08.3104262Z bfce63de198f20eb1c5aec3c3503669208ff2681
2025-08-11T16:58:08.3325187Z ##[group]Run actions/setup-node@v4
2025-08-11T16:58:08.3325452Z with:
2025-08-11T16:58:08.3325612Z   node-version: 20
2025-08-11T16:58:08.3325788Z   cache: npm
2025-08-11T16:58:08.3325956Z   always-auth: false
2025-08-11T16:58:08.3326149Z   check-latest: false
2025-08-11T16:58:08.3326443Z   token: ***
2025-08-11T16:58:08.3326612Z ##[endgroup]
2025-08-11T16:58:08.5051495Z Found in cache @ /opt/hostedtoolcache/node/20.19.4/x64
2025-08-11T16:58:08.5058244Z ##[group]Environment details
2025-08-11T16:58:11.4880326Z node: v20.19.4
2025-08-11T16:58:11.4880654Z npm: 10.8.2
2025-08-11T16:58:11.4880890Z yarn: 1.22.22
2025-08-11T16:58:11.4882108Z ##[endgroup]
2025-08-11T16:58:11.4903993Z [command]/opt/hostedtoolcache/node/20.19.4/x64/bin/npm config get cache
2025-08-11T16:58:11.8023359Z /home/runner/.npm
2025-08-11T16:58:11.9567366Z npm cache is not found
2025-08-11T16:58:11.9674103Z ##[group]Run npm ci
2025-08-11T16:58:11.9674373Z [36;1mnpm ci[0m
2025-08-11T16:58:11.9752896Z shell: /usr/bin/bash -e {0}
2025-08-11T16:58:11.9753344Z ##[endgroup]
2025-08-11T16:58:16.1371086Z npm error code EUSAGE
2025-08-11T16:58:16.1371599Z npm error
2025-08-11T16:58:16.1373311Z npm error `npm ci` can only install packages when your package.json and package-lock.json or npm-shrinkwrap.json are in sync. Please update your lock file with `npm install` before continuing.
2025-08-11T16:58:16.1374625Z npm error
2025-08-11T16:58:16.1375175Z npm error Missing: @pinia/testing@0.1.7 from lock file
2025-08-11T16:58:16.1375966Z npm error Missing: @playwright/test@1.54.2 from lock file
2025-08-11T16:58:16.1376728Z npm error Missing: playwright@1.54.2 from lock file
2025-08-11T16:58:16.1377444Z npm error Missing: fsevents@2.3.2 from lock file
2025-08-11T16:58:16.1378499Z npm error Missing: playwright-core@1.54.2 from lock file
2025-08-11T16:58:16.1379074Z npm error
2025-08-11T16:58:16.1379591Z npm error Clean install a project
2025-08-11T16:58:16.1380018Z npm error
2025-08-11T16:58:16.1380342Z npm error Usage:
2025-08-11T16:58:16.1380678Z npm error npm ci
2025-08-11T16:58:16.1381040Z npm error
2025-08-11T16:58:16.1381384Z npm error Options:
2025-08-11T16:58:16.1382203Z npm error [--install-strategy <hoisted|nested|shallow|linked>] [--legacy-bundling]
2025-08-11T16:58:16.1383288Z npm error [--global-style] [--omit <dev|optional|peer> [--omit <dev|optional|peer> ...]]
2025-08-11T16:58:16.1384471Z npm error [--include <prod|dev|optional|peer> [--include <prod|dev|optional|peer> ...]]
2025-08-11T16:58:16.1385550Z npm error [--strict-peer-deps] [--foreground-scripts] [--ignore-scripts] [--no-audit]
2025-08-11T16:58:16.1386286Z npm error [--no-bin-links] [--no-fund] [--dry-run]
2025-08-11T16:58:16.1387050Z npm error [-w|--workspace <workspace-name> [-w|--workspace <workspace-name> ...]]
2025-08-11T16:58:16.1388116Z npm error [-ws|--workspaces] [--include-workspace-root] [--install-links]
2025-08-11T16:58:16.1388686Z npm error
2025-08-11T16:58:16.1389216Z npm error aliases: clean-install, ic, install-clean, isntall-clean
2025-08-11T16:58:16.1389710Z npm error
2025-08-11T16:58:16.1390133Z npm error Run "npm help ci" for more info
2025-08-11T16:58:16.1391028Z npm error A complete log of this run can be found in: /home/runner/.npm/_logs/2025-08-11T16_58_12_040Z-debug-0.log
2025-08-11T16:58:16.1542407Z ##[error]Process completed with exit code 1.
2025-08-11T16:58:16.1647466Z Post job cleanup.
2025-08-11T16:58:16.2566078Z [command]/usr/bin/git version
2025-08-11T16:58:16.2601084Z git version 2.50.1
2025-08-11T16:58:16.2642915Z Temporarily overriding HOME='/home/runner/work/_temp/9b34be99-56c2-46a9-a4ce-ddf566868549' before making global git config changes
2025-08-11T16:58:16.2643879Z Adding repository directory to the temporary git global config as a safe directory
2025-08-11T16:58:16.2648560Z [command]/usr/bin/git config --global --add safe.directory /home/runner/work/unifiedcontractors-project/unifiedcontractors-project
2025-08-11T16:58:16.2682131Z [command]/usr/bin/git config --local --name-only --get-regexp core\.sshCommand
2025-08-11T16:58:16.2713380Z [command]/usr/bin/git submodule foreach --recursive sh -c "git config --local --name-only --get-regexp 'core\.sshCommand' && git config --local --unset-all 'core.sshCommand' || :"
2025-08-11T16:58:16.2972103Z [command]/usr/bin/git config --local --name-only --get-regexp http\.https\:\/\/github\.com\/\.extraheader
2025-08-11T16:58:16.2992262Z http.https://github.com/.extraheader
2025-08-11T16:58:16.3005357Z [command]/usr/bin/git config --local --unset-all http.https://github.com/.extraheader
2025-08-11T16:58:16.3035486Z [command]/usr/bin/git submodule foreach --recursive sh -c "git config --local --name-only --get-regexp 'http\.https\:\/\/github\.com\/\.extraheader' && git config --local --unset-all 'http.https://github.com/.extraheader' || :"
2025-08-11T16:58:16.3381057Z Cleaning up orphan processes
