2025-08-11T16:58:03.6661248Z Current runner version: '2.327.1'
2025-08-11T16:58:03.6684114Z ##[group]Runner Image Provisioner
2025-08-11T16:58:03.6684905Z Hosted Compute Agent
2025-08-11T16:58:03.6685420Z Version: 20250711.363
2025-08-11T16:58:03.6686104Z Commit: 6785254374ce925a23743850c1cb91912ce5c14c
2025-08-11T16:58:03.6686779Z Build Date: 2025-07-11T20:04:25Z
2025-08-11T16:58:03.6687368Z ##[endgroup]
2025-08-11T16:58:03.6687893Z ##[group]Operating System
2025-08-11T16:58:03.6688469Z Ubuntu
2025-08-11T16:58:03.6688901Z 24.04.2
2025-08-11T16:58:03.6689396Z LTS
2025-08-11T16:58:03.6690250Z ##[endgroup]
2025-08-11T16:58:03.6690711Z ##[group]Runner Image
2025-08-11T16:58:03.6691290Z Image: ubuntu-24.04
2025-08-11T16:58:03.6691779Z Version: 20250804.2.0
2025-08-11T16:58:03.6692773Z Included Software: https://github.com/actions/runner-images/blob/ubuntu24/20250804.2/images/ubuntu/Ubuntu2404-Readme.md
2025-08-11T16:58:03.6694302Z Image Release: https://github.com/actions/runner-images/releases/tag/ubuntu24%2F20250804.2
2025-08-11T16:58:03.6695292Z ##[endgroup]
2025-08-11T16:58:03.6696756Z ##[group]GITHUB_TOKEN Permissions
2025-08-11T16:58:03.6698518Z Contents: read
2025-08-11T16:58:03.6699061Z Metadata: read
2025-08-11T16:58:03.6699984Z Packages: read
2025-08-11T16:58:03.6700602Z ##[endgroup]
2025-08-11T16:58:03.6702691Z Secret source: Actions
2025-08-11T16:58:03.6703476Z Prepare workflow directory
2025-08-11T16:58:03.7165463Z Prepare all required actions
2025-08-11T16:58:03.7211926Z Getting action download info
2025-08-11T16:58:04.2090726Z ##[group]Download immutable action package 'actions/checkout@v4'
2025-08-11T16:58:04.2091710Z Version: 4.3.0
2025-08-11T16:58:04.2092683Z Digest: sha256:62afad8896fc57a531e3d48e3f489c729474ff63a4c1791408cea7b32a62ef32
2025-08-11T16:58:04.2093970Z Source commit SHA: 08eba0b27e820071cde6df949e0beb9ba4906955
2025-08-11T16:58:04.2094711Z ##[endgroup]
2025-08-11T16:58:04.4944328Z Download action repository 'shivammathur/setup-php@v2' (SHA:20529878ed81ef8e78ddf08b480401e6101a850f)
2025-08-11T16:58:04.9917132Z ##[group]Download immutable action package 'actions/cache@v3'
2025-08-11T16:58:04.9917961Z Version: 3.4.3
2025-08-11T16:58:04.9918712Z Digest: sha256:912f76fb11db1ca09ae23248a39eb86e79ea0f0f6e183d9cb96d0b778eeea4e2
2025-08-11T16:58:04.9920130Z Source commit SHA: 2f8e54208210a422b2efd51efaa6bd6d7ca8920f
2025-08-11T16:58:04.9920837Z ##[endgroup]
2025-08-11T16:58:05.0923821Z Download action repository 'codecov/codecov-action@v3' (SHA:ab904c41d6ece82784817410c45d8b8c02684457)
2025-08-11T16:58:05.9478143Z Complete job name: backend-unit-tests (8.2)
2025-08-11T16:58:06.0038757Z ##[group]Checking docker version
2025-08-11T16:58:06.0052672Z ##[command]/usr/bin/docker version --format '{{.Server.APIVersion}}'
2025-08-11T16:58:06.0853564Z '1.48'
2025-08-11T16:58:06.0869110Z Docker daemon API version: '1.48'
2025-08-11T16:58:06.0871529Z ##[command]/usr/bin/docker version --format '{{.Client.APIVersion}}'
2025-08-11T16:58:06.1027184Z '1.48'
2025-08-11T16:58:06.1041353Z Docker client API version: '1.48'
2025-08-11T16:58:06.1047252Z ##[endgroup]
2025-08-11T16:58:06.1051266Z ##[group]Clean up resources from previous jobs
2025-08-11T16:58:06.1057289Z ##[command]/usr/bin/docker ps --all --quiet --no-trunc --filter "label=cebc45"
2025-08-11T16:58:06.1198103Z ##[command]/usr/bin/docker network prune --force --filter "label=cebc45"
2025-08-11T16:58:06.1332807Z ##[endgroup]
2025-08-11T16:58:06.1333681Z ##[group]Create local container network
2025-08-11T16:58:06.1344033Z ##[command]/usr/bin/docker network create --label cebc45 github_network_78949c678375402682e314ca999e689e
2025-08-11T16:58:06.1955019Z c1628790e81732927f5653630dec766d28518674445978594883e1d32970c8c2
2025-08-11T16:58:06.1973260Z ##[endgroup]
2025-08-11T16:58:06.1997957Z ##[group]Starting mysql service container
2025-08-11T16:58:06.2018545Z ##[command]/usr/bin/docker pull mysql:8.0
2025-08-11T16:58:07.2093481Z 8.0: Pulling from library/mysql
2025-08-11T16:58:07.4625173Z 10aec8a104c7: Pulling fs layer
2025-08-11T16:58:07.4627139Z eb4c833f6ac8: Pulling fs layer
2025-08-11T16:58:07.4628154Z ac1d09b99a58: Pulling fs layer
2025-08-11T16:58:07.4628812Z d90a2df7273a: Pulling fs layer
2025-08-11T16:58:07.4629413Z 29def2d20dd4: Pulling fs layer
2025-08-11T16:58:07.4630037Z 21c02f1ef6a5: Pulling fs layer
2025-08-11T16:58:07.4630443Z 227c621e92bf: Pulling fs layer
2025-08-11T16:58:07.4631053Z 0dd51a1cf370: Pulling fs layer
2025-08-11T16:58:07.4632723Z c17e5ae8443e: Pulling fs layer
2025-08-11T16:58:07.4633140Z 6ae00a88a906: Pulling fs layer
2025-08-11T16:58:07.4633452Z 13ecfab825f5: Pulling fs layer
2025-08-11T16:58:07.4633740Z 0dd51a1cf370: Waiting
2025-08-11T16:58:07.4633992Z d90a2df7273a: Waiting
2025-08-11T16:58:07.4634195Z 29def2d20dd4: Waiting
2025-08-11T16:58:07.4634399Z 21c02f1ef6a5: Waiting
2025-08-11T16:58:07.4634659Z c17e5ae8443e: Waiting
2025-08-11T16:58:07.4634989Z 227c621e92bf: Waiting
2025-08-11T16:58:07.4635294Z 6ae00a88a906: Waiting
2025-08-11T16:58:07.4635600Z 13ecfab825f5: Waiting
2025-08-11T16:58:07.7418557Z ac1d09b99a58: Verifying Checksum
2025-08-11T16:58:07.7419423Z ac1d09b99a58: Download complete
2025-08-11T16:58:07.7738235Z eb4c833f6ac8: Verifying Checksum
2025-08-11T16:58:07.7739337Z eb4c833f6ac8: Download complete
2025-08-11T16:58:08.0316578Z 29def2d20dd4: Verifying Checksum
2025-08-11T16:58:08.0317513Z 29def2d20dd4: Download complete
2025-08-11T16:58:08.2043465Z d90a2df7273a: Verifying Checksum
2025-08-11T16:58:08.2045101Z d90a2df7273a: Download complete
2025-08-11T16:58:08.3322097Z 21c02f1ef6a5: Download complete
2025-08-11T16:58:08.6158905Z 0dd51a1cf370: Verifying Checksum
2025-08-11T16:58:08.6164348Z 0dd51a1cf370: Download complete
2025-08-11T16:58:08.7423051Z 10aec8a104c7: Verifying Checksum
2025-08-11T16:58:08.7423600Z 10aec8a104c7: Download complete
2025-08-11T16:58:09.0102130Z 6ae00a88a906: Verifying Checksum
2025-08-11T16:58:09.0102680Z 6ae00a88a906: Download complete
2025-08-11T16:58:09.2780105Z 13ecfab825f5: Verifying Checksum
2025-08-11T16:58:09.2780816Z 13ecfab825f5: Download complete
2025-08-11T16:58:09.5163993Z 227c621e92bf: Verifying Checksum
2025-08-11T16:58:09.5164761Z 227c621e92bf: Download complete
2025-08-11T16:58:10.0661186Z c17e5ae8443e: Verifying Checksum
2025-08-11T16:58:10.0663523Z c17e5ae8443e: Download complete
2025-08-11T16:58:10.1096773Z 10aec8a104c7: Pull complete
2025-08-11T16:58:11.3844733Z eb4c833f6ac8: Pull complete
2025-08-11T16:58:11.4316285Z ac1d09b99a58: Pull complete
2025-08-11T16:58:11.6491046Z d90a2df7273a: Pull complete
2025-08-11T16:58:11.6602032Z 29def2d20dd4: Pull complete
2025-08-11T16:58:11.6697033Z 21c02f1ef6a5: Pull complete
2025-08-11T16:58:12.4378105Z 227c621e92bf: Pull complete
2025-08-11T16:58:12.4486802Z 0dd51a1cf370: Pull complete
2025-08-11T16:58:19.6717709Z c17e5ae8443e: Pull complete
2025-08-11T16:58:19.6836405Z 6ae00a88a906: Pull complete
2025-08-11T16:58:19.6937625Z 13ecfab825f5: Pull complete
2025-08-11T16:58:19.6977341Z Digest: sha256:f483084b37081f1574c8d4e4485cd9028abcb022973c44c079a520eb01801d55
2025-08-11T16:58:19.6993425Z Status: Downloaded newer image for mysql:8.0
2025-08-11T16:58:19.7002499Z docker.io/library/mysql:8.0
2025-08-11T16:58:19.7066185Z ##[command]/usr/bin/docker create --name 2e30cd4e90ce4596823cb8d69c77138c_mysql80_a767b3 --label cebc45 --network github_network_78949c678375402682e314ca999e689e --network-alias mysql -p 3306:3306 --health-cmd="mysqladmin ping" --health-interval=10s --health-timeout=5s --health-retries=3 -e "MYSQL_ROOT_PASSWORD=password" -e "MYSQL_DATABASE=unified_contractors_test" -e GITHUB_ACTIONS=true -e CI=true mysql:8.0
2025-08-11T16:58:19.7324629Z 802ee655e8bbd83831da2bd25f3dbe594a23c5f5e3c213e852863b62bac2c8de
2025-08-11T16:58:19.7347467Z ##[command]/usr/bin/docker start 802ee655e8bbd83831da2bd25f3dbe594a23c5f5e3c213e852863b62bac2c8de
2025-08-11T16:58:20.0253990Z 802ee655e8bbd83831da2bd25f3dbe594a23c5f5e3c213e852863b62bac2c8de
2025-08-11T16:58:20.0275704Z ##[command]/usr/bin/docker ps --all --filter id=802ee655e8bbd83831da2bd25f3dbe594a23c5f5e3c213e852863b62bac2c8de --filter status=running --no-trunc --format "{{.ID}} {{.Status}}"
2025-08-11T16:58:20.0407523Z 802ee655e8bbd83831da2bd25f3dbe594a23c5f5e3c213e852863b62bac2c8de Up Less than a second (health: starting)
2025-08-11T16:58:20.0428125Z ##[command]/usr/bin/docker port 802ee655e8bbd83831da2bd25f3dbe594a23c5f5e3c213e852863b62bac2c8de
2025-08-11T16:58:20.0585104Z 3306/tcp -> 0.0.0.0:3306
2025-08-11T16:58:20.0585627Z 3306/tcp -> [::]:3306
2025-08-11T16:58:20.0636538Z ##[endgroup]
2025-08-11T16:58:20.0648096Z ##[group]Waiting for all services to be ready
2025-08-11T16:58:20.0662508Z ##[command]/usr/bin/docker inspect --format="{{if .Config.Healthcheck}}{{print .State.Health.Status}}{{end}}" 802ee655e8bbd83831da2bd25f3dbe594a23c5f5e3c213e852863b62bac2c8de
2025-08-11T16:58:20.0804139Z starting
2025-08-11T16:58:20.0829180Z mysql service is starting, waiting 2 seconds before checking again.
2025-08-11T16:58:22.0831253Z ##[command]/usr/bin/docker inspect --format="{{if .Config.Healthcheck}}{{print .State.Health.Status}}{{end}}" 802ee655e8bbd83831da2bd25f3dbe594a23c5f5e3c213e852863b62bac2c8de
2025-08-11T16:58:22.0949666Z starting
2025-08-11T16:58:22.0962993Z mysql service is starting, waiting 4 seconds before checking again.
2025-08-11T16:58:26.1949828Z ##[command]/usr/bin/docker inspect --format="{{if .Config.Healthcheck}}{{print .State.Health.Status}}{{end}}" 802ee655e8bbd83831da2bd25f3dbe594a23c5f5e3c213e852863b62bac2c8de
2025-08-11T16:58:26.2076620Z starting
2025-08-11T16:58:26.2093801Z mysql service is starting, waiting 7 seconds before checking again.
2025-08-11T16:58:33.3092703Z ##[command]/usr/bin/docker inspect --format="{{if .Config.Healthcheck}}{{print .State.Health.Status}}{{end}}" 802ee655e8bbd83831da2bd25f3dbe594a23c5f5e3c213e852863b62bac2c8de
2025-08-11T16:58:33.3215780Z healthy
2025-08-11T16:58:33.3231702Z mysql service is healthy.
2025-08-11T16:58:33.3232465Z ##[endgroup]
2025-08-11T16:58:33.3540037Z ##[group]Run actions/checkout@v4
2025-08-11T16:58:33.3540609Z with:
2025-08-11T16:58:33.3540852Z   repository: genestewart/unifiedcontractors-project
2025-08-11T16:58:33.3541342Z   token: ***
2025-08-11T16:58:33.3541533Z   ssh-strict: true
2025-08-11T16:58:33.3541723Z   ssh-user: git
2025-08-11T16:58:33.3541914Z   persist-credentials: true
2025-08-11T16:58:33.3542132Z   clean: true
2025-08-11T16:58:33.3542328Z   sparse-checkout-cone-mode: true
2025-08-11T16:58:33.3542552Z   fetch-depth: 1
2025-08-11T16:58:33.3542722Z   fetch-tags: false
2025-08-11T16:58:33.3542906Z   show-progress: true
2025-08-11T16:58:33.3543092Z   lfs: false
2025-08-11T16:58:33.3543253Z   submodules: false
2025-08-11T16:58:33.3543445Z   set-safe-directory: true
2025-08-11T16:58:33.3543823Z ##[endgroup]
2025-08-11T16:58:33.4603770Z Syncing repository: genestewart/unifiedcontractors-project
2025-08-11T16:58:33.4605038Z ##[group]Getting Git version info
2025-08-11T16:58:33.4605612Z Working directory is '/home/runner/work/unifiedcontractors-project/unifiedcontractors-project'
2025-08-11T16:58:33.4606277Z [command]/usr/bin/git version
2025-08-11T16:58:33.4638457Z git version 2.50.1
2025-08-11T16:58:33.4664765Z ##[endgroup]
2025-08-11T16:58:33.4678594Z Temporarily overriding HOME='/home/runner/work/_temp/f45c7228-a8c2-4e19-8e01-0d738008db77' before making global git config changes
2025-08-11T16:58:33.4679802Z Adding repository directory to the temporary git global config as a safe directory
2025-08-11T16:58:33.4692467Z [command]/usr/bin/git config --global --add safe.directory /home/runner/work/unifiedcontractors-project/unifiedcontractors-project
2025-08-11T16:58:33.4727382Z Deleting the contents of '/home/runner/work/unifiedcontractors-project/unifiedcontractors-project'
2025-08-11T16:58:33.4730775Z ##[group]Initializing the repository
2025-08-11T16:58:33.4735436Z [command]/usr/bin/git init /home/runner/work/unifiedcontractors-project/unifiedcontractors-project
2025-08-11T16:58:33.4814234Z hint: Using 'master' as the name for the initial branch. This default branch name
2025-08-11T16:58:33.4815331Z hint: is subject to change. To configure the initial branch name to use in all
2025-08-11T16:58:33.4817656Z hint: of your new repositories, which will suppress this warning, call:
2025-08-11T16:58:33.4818537Z hint:
2025-08-11T16:58:33.4818995Z hint: 	git config --global init.defaultBranch <name>
2025-08-11T16:58:33.4819719Z hint:
2025-08-11T16:58:33.4820272Z hint: Names commonly chosen instead of 'master' are 'main', 'trunk' and
2025-08-11T16:58:33.4821135Z hint: 'development'. The just-created branch can be renamed via this command:
2025-08-11T16:58:33.4821791Z hint:
2025-08-11T16:58:33.4822143Z hint: 	git branch -m <name>
2025-08-11T16:58:33.4822540Z hint:
2025-08-11T16:58:33.4823091Z hint: Disable this message with "git config set advice.defaultBranchName false"
2025-08-11T16:58:33.4824274Z Initialized empty Git repository in /home/runner/work/unifiedcontractors-project/unifiedcontractors-project/.git/
2025-08-11T16:58:33.4830835Z [command]/usr/bin/git remote add origin https://github.com/genestewart/unifiedcontractors-project
2025-08-11T16:58:33.4861127Z ##[endgroup]
2025-08-11T16:58:33.4861755Z ##[group]Disabling automatic garbage collection
2025-08-11T16:58:33.4866089Z [command]/usr/bin/git config --local gc.auto 0
2025-08-11T16:58:33.4894419Z ##[endgroup]
2025-08-11T16:58:33.4895009Z ##[group]Setting up auth
2025-08-11T16:58:33.4901976Z [command]/usr/bin/git config --local --name-only --get-regexp core\.sshCommand
2025-08-11T16:58:33.4932424Z [command]/usr/bin/git submodule foreach --recursive sh -c "git config --local --name-only --get-regexp 'core\.sshCommand' && git config --local --unset-all 'core.sshCommand' || :"
2025-08-11T16:58:33.5196359Z [command]/usr/bin/git config --local --name-only --get-regexp http\.https\:\/\/github\.com\/\.extraheader
2025-08-11T16:58:33.5227572Z [command]/usr/bin/git submodule foreach --recursive sh -c "git config --local --name-only --get-regexp 'http\.https\:\/\/github\.com\/\.extraheader' && git config --local --unset-all 'http.https://github.com/.extraheader' || :"
2025-08-11T16:58:33.5449090Z [command]/usr/bin/git config --local http.https://github.com/.extraheader AUTHORIZATION: basic ***
2025-08-11T16:58:33.5484470Z ##[endgroup]
2025-08-11T16:58:33.5485162Z ##[group]Fetching the repository
2025-08-11T16:58:33.5503243Z [command]/usr/bin/git -c protocol.version=2 fetch --no-tags --prune --no-recurse-submodules --depth=1 origin +bfce63de198f20eb1c5aec3c3503669208ff2681:refs/remotes/origin/main
2025-08-11T16:58:35.7884244Z From https://github.com/genestewart/unifiedcontractors-project
2025-08-11T16:58:35.7885071Z  * [new ref]           bfce63de198f20eb1c5aec3c3503669208ff2681 -> origin/main
2025-08-11T16:58:35.7910196Z ##[endgroup]
2025-08-11T16:58:35.7910816Z ##[group]Determining the checkout info
2025-08-11T16:58:35.7912201Z ##[endgroup]
2025-08-11T16:58:35.7919202Z [command]/usr/bin/git sparse-checkout disable
2025-08-11T16:58:35.7958669Z [command]/usr/bin/git config --local --unset-all extensions.worktreeConfig
2025-08-11T16:58:35.7986158Z ##[group]Checking out the ref
2025-08-11T16:58:35.7990440Z [command]/usr/bin/git checkout --progress --force -B main refs/remotes/origin/main
2025-08-11T16:58:36.8340914Z Updating files:  52% (16436/31364)
2025-08-11T16:58:36.8534143Z Updating files:  53% (16623/31364)
2025-08-11T16:58:36.8694123Z Updating files:  54% (16937/31364)
2025-08-11T16:58:36.8830828Z Updating files:  55% (17251/31364)
2025-08-11T16:58:36.9055865Z Updating files:  56% (17564/31364)
2025-08-11T16:58:36.9205513Z Updating files:  57% (17878/31364)
2025-08-11T16:58:36.9350480Z Updating files:  58% (18192/31364)
2025-08-11T16:58:36.9483277Z Updating files:  59% (18505/31364)
2025-08-11T16:58:36.9610973Z Updating files:  60% (18819/31364)
2025-08-11T16:58:36.9731025Z Updating files:  61% (19133/31364)
2025-08-11T16:58:36.9842851Z Updating files:  62% (19446/31364)
2025-08-11T16:58:36.9990176Z Updating files:  63% (19760/31364)
2025-08-11T16:58:37.0226456Z Updating files:  64% (20073/31364)
2025-08-11T16:58:37.0364552Z Updating files:  65% (20387/31364)
2025-08-11T16:58:37.0494349Z Updating files:  66% (20701/31364)
2025-08-11T16:58:37.0631627Z Updating files:  67% (21014/31364)
2025-08-11T16:58:37.0769868Z Updating files:  68% (21328/31364)
2025-08-11T16:58:37.0900969Z Updating files:  69% (21642/31364)
2025-08-11T16:58:37.1031363Z Updating files:  70% (21955/31364)
2025-08-11T16:58:37.1163238Z Updating files:  71% (22269/31364)
2025-08-11T16:58:37.1293301Z Updating files:  72% (22583/31364)
2025-08-11T16:58:37.1644411Z Updating files:  73% (22896/31364)
2025-08-11T16:58:37.1801420Z Updating files:  74% (23210/31364)
2025-08-11T16:58:37.2025299Z Updating files:  75% (23523/31364)
2025-08-11T16:58:37.2153431Z Updating files:  76% (23837/31364)
2025-08-11T16:58:37.2356484Z Updating files:  77% (24151/31364)
2025-08-11T16:58:37.2599844Z Updating files:  78% (24464/31364)
2025-08-11T16:58:37.2755548Z Updating files:  79% (24778/31364)
2025-08-11T16:58:37.2880241Z Updating files:  80% (25092/31364)
2025-08-11T16:58:37.3047670Z Updating files:  81% (25405/31364)
2025-08-11T16:58:37.3281422Z Updating files:  82% (25719/31364)
2025-08-11T16:58:37.4123054Z Updating files:  83% (26033/31364)
2025-08-11T16:58:37.4268300Z Updating files:  84% (26346/31364)
2025-08-11T16:58:37.4469180Z Updating files:  85% (26660/31364)
2025-08-11T16:58:37.4609342Z Updating files:  86% (26974/31364)
2025-08-11T16:58:37.4710971Z Updating files:  87% (27287/31364)
2025-08-11T16:58:37.4977123Z Updating files:  88% (27601/31364)
2025-08-11T16:58:37.5148507Z Updating files:  89% (27914/31364)
2025-08-11T16:58:37.5355314Z Updating files:  90% (28228/31364)
2025-08-11T16:58:37.5614470Z Updating files:  91% (28542/31364)
2025-08-11T16:58:37.5776984Z Updating files:  92% (28855/31364)
2025-08-11T16:58:37.6160539Z Updating files:  93% (29169/31364)
2025-08-11T16:58:37.6316056Z Updating files:  94% (29483/31364)
2025-08-11T16:58:37.6452895Z Updating files:  95% (29796/31364)
2025-08-11T16:58:37.6822448Z Updating files:  96% (30110/31364)
2025-08-11T16:58:37.6961402Z Updating files:  97% (30424/31364)
2025-08-11T16:58:37.7109208Z Updating files:  98% (30737/31364)
2025-08-11T16:58:37.7296777Z Updating files:  99% (31051/31364)
2025-08-11T16:58:37.7297260Z Updating files: 100% (31364/31364)
2025-08-11T16:58:37.7297765Z Updating files: 100% (31364/31364), done.
2025-08-11T16:58:37.7612701Z Switched to a new branch 'main'
2025-08-11T16:58:37.7615713Z branch 'main' set up to track 'origin/main'.
2025-08-11T16:58:37.7664119Z ##[endgroup]
2025-08-11T16:58:37.7705361Z [command]/usr/bin/git log -1 --format=%H
2025-08-11T16:58:37.7728999Z bfce63de198f20eb1c5aec3c3503669208ff2681
2025-08-11T16:58:37.7899271Z ##[group]Run shivammathur/setup-php@v2
2025-08-11T16:58:37.7899783Z with:
2025-08-11T16:58:37.7899967Z   php-version: 8.2
2025-08-11T16:58:37.7900440Z   extensions: dom, curl, libxml, mbstring, zip, pcntl, pdo, sqlite, pdo_sqlite, bcmath, soap, intl, gd, exif, iconv, imagick, mysql, pdo_mysql
2025-08-11T16:58:37.7900944Z   coverage: xdebug
2025-08-11T16:58:37.7901133Z   ini-file: production
2025-08-11T16:58:37.7901501Z   github-token: ***
2025-08-11T16:58:37.7901689Z ##[endgroup]
2025-08-11T16:58:37.8615969Z [command]/usr/bin/bash /home/runner/work/_actions/shivammathur/setup-php/v2/src/scripts/run.sh
2025-08-11T16:58:37.8871927Z 
2025-08-11T16:58:37.8872551Z [90;1m==> [0m[37;1mSetup PHP[0m
2025-08-11T16:58:44.0203564Z [32;1m✓ [0m[34;1mPHP [0m[90;1mInstalled PHP 8.2.29[0m
2025-08-11T16:58:44.0204049Z 
2025-08-11T16:58:44.0204335Z [90;1m==> [0m[37;1mSetup Extensions[0m
2025-08-11T16:58:44.0669092Z [32;1m✓ [0m[34;1mdom [0m[90;1mEnabled[0m
2025-08-11T16:58:44.0700284Z [32;1m✓ [0m[34;1mcurl [0m[90;1mEnabled[0m
2025-08-11T16:58:44.0729357Z [32;1m✓ [0m[34;1mlibxml [0m[90;1mEnabled[0m
2025-08-11T16:58:44.0759803Z [32;1m✓ [0m[34;1mmbstring [0m[90;1mEnabled[0m
2025-08-11T16:58:44.0788252Z [32;1m✓ [0m[34;1mzip [0m[90;1mEnabled[0m
2025-08-11T16:58:44.0817939Z [32;1m✓ [0m[34;1mpcntl [0m[90;1mEnabled[0m
2025-08-11T16:58:44.0846824Z [32;1m✓ [0m[34;1mpdo [0m[90;1mEnabled[0m
2025-08-11T16:58:44.0875784Z [32;1m✓ [0m[34;1msqlite3 [0m[90;1mEnabled[0m
2025-08-11T16:58:44.0890941Z [32;1m✓ [0m[34;1mpdo_sqlite [0m[90;1mEnabled[0m
2025-08-11T16:58:44.0919940Z [32;1m✓ [0m[34;1mbcmath [0m[90;1mEnabled[0m
2025-08-11T16:58:44.0948891Z [32;1m✓ [0m[34;1msoap [0m[90;1mEnabled[0m
2025-08-11T16:58:44.0978317Z [32;1m✓ [0m[34;1mintl [0m[90;1mEnabled[0m
2025-08-11T16:58:44.1007672Z [32;1m✓ [0m[34;1mgd [0m[90;1mEnabled[0m
2025-08-11T16:58:44.1036857Z [32;1m✓ [0m[34;1mexif [0m[90;1mEnabled[0m
2025-08-11T16:58:44.1065669Z [32;1m✓ [0m[34;1miconv [0m[90;1mEnabled[0m
2025-08-11T16:58:44.1095232Z [32;1m✓ [0m[34;1mimagick [0m[90;1mEnabled[0m
2025-08-11T16:58:44.1123686Z [32;1m✓ [0m[34;1mmysql [0m[90;1mEnabled[0m
2025-08-11T16:58:44.1139126Z [32;1m✓ [0m[34;1mpdo_mysql [0m[90;1mEnabled[0m
2025-08-11T16:58:44.1139867Z 
2025-08-11T16:58:44.1140167Z [90;1m==> [0m[37;1mSetup Tools[0m
2025-08-11T16:58:44.3579864Z [32;1m✓ [0m[34;1mcomposer [0m[90;1mAdded composer 2.8.10[0m
2025-08-11T16:58:44.3580580Z 
2025-08-11T16:58:44.3580994Z [90;1m==> [0m[37;1mSetup Coverage[0m
2025-08-11T16:58:44.4552015Z [32;1m✓ [0m[34;1mxdebug [0m[90;1mXdebug 3.4.5 enabled as coverage driver[0m
2025-08-11T16:58:44.4552593Z 
2025-08-11T16:58:44.4552981Z [90;1m==> [0m[37;1mSponsor setup-php[0m
2025-08-11T16:58:44.4555168Z [32;1m✓ [0m[34;1msetup-php [0m[90;1mhttps://setup-php.com/sponsor[0m
2025-08-11T16:58:44.4738981Z ##[group]Run echo "dir=$(composer config cache-files-dir)" >> $GITHUB_OUTPUT
2025-08-11T16:58:44.4739851Z [36;1mecho "dir=$(composer config cache-files-dir)" >> $GITHUB_OUTPUT[0m
2025-08-11T16:58:44.4785619Z shell: /usr/bin/bash -e {0}
2025-08-11T16:58:44.4785865Z env:
2025-08-11T16:58:44.4786044Z   COMPOSER_PROCESS_TIMEOUT: 0
2025-08-11T16:58:44.4786300Z   COMPOSER_NO_INTERACTION: 1
2025-08-11T16:58:44.4786520Z   COMPOSER_NO_AUDIT: 1
2025-08-11T16:58:44.4786709Z ##[endgroup]
2025-08-11T16:58:47.0259739Z ##[group]Run actions/cache@v3
2025-08-11T16:58:47.0260140Z with:
2025-08-11T16:58:47.0260348Z   path: /home/runner/.cache/composer/files
2025-08-11T16:58:47.0260808Z   key: Linux-composer-0f6e1a1b95b03cd366ce4dcf0d99018975c7ef16aaadb5962898910b20d179b0
2025-08-11T16:58:47.0261277Z   restore-keys: Linux-composer-
2025-08-11T16:58:47.0261529Z   enableCrossOsArchive: false
2025-08-11T16:58:47.0261759Z   fail-on-cache-miss: false
2025-08-11T16:58:47.0261984Z   lookup-only: false
2025-08-11T16:58:47.0262171Z env:
2025-08-11T16:58:47.0262342Z   COMPOSER_PROCESS_TIMEOUT: 0
2025-08-11T16:58:47.0262574Z   COMPOSER_NO_INTERACTION: 1
2025-08-11T16:58:47.0262786Z   COMPOSER_NO_AUDIT: 1
2025-08-11T16:58:47.0262980Z ##[endgroup]
2025-08-11T16:58:47.4180792Z Cache not found for input keys: Linux-composer-0f6e1a1b95b03cd366ce4dcf0d99018975c7ef16aaadb5962898910b20d179b0, Linux-composer-
2025-08-11T16:58:47.4251583Z ##[group]Run composer install --no-progress --prefer-dist --optimize-autoloader
2025-08-11T16:58:47.4252149Z [36;1mcomposer install --no-progress --prefer-dist --optimize-autoloader[0m
2025-08-11T16:58:47.4292450Z shell: /usr/bin/bash -e {0}
2025-08-11T16:58:47.4292684Z env:
2025-08-11T16:58:47.4292866Z   COMPOSER_PROCESS_TIMEOUT: 0
2025-08-11T16:58:47.4293125Z   COMPOSER_NO_INTERACTION: 1
2025-08-11T16:58:47.4293350Z   COMPOSER_NO_AUDIT: 1
2025-08-11T16:58:47.4293552Z ##[endgroup]
2025-08-11T16:58:47.6190496Z Installing dependencies from lock file (including require-dev)
2025-08-11T16:58:47.6239621Z Verifying lock file contents can be installed on current platform.
2025-08-11T16:58:47.6684784Z Package operations: 116 installs, 0 updates, 0 removals
2025-08-11T16:58:47.6700866Z   - Downloading dasprid/enum (1.0.6)
2025-08-11T16:58:47.6709709Z   - Downloading doctrine/inflector (2.0.10)
2025-08-11T16:58:47.6712310Z   - Downloading doctrine/lexer (3.0.1)
2025-08-11T16:58:47.6715540Z   - Downloading symfony/polyfill-ctype (v1.32.0)
2025-08-11T16:58:47.6718622Z   - Downloading webmozart/assert (1.11.0)
2025-08-11T16:58:47.6722246Z   - Downloading dragonmantank/cron-expression (v3.4.0)
2025-08-11T16:58:47.6726675Z   - Downloading bacon/bacon-qr-code (v3.0.1)
2025-08-11T16:58:47.6729224Z   - Downloading endroid/qr-code (6.0.9)
2025-08-11T16:58:47.6732190Z   - Downloading symfony/deprecation-contracts (v3.6.0)
2025-08-11T16:58:47.6735316Z   - Downloading psr/container (2.0.2)
2025-08-11T16:58:47.6738489Z   - Downloading fakerphp/faker (v1.24.1)
2025-08-11T16:58:47.6741455Z   - Downloading symfony/polyfill-php83 (v1.32.0)
2025-08-11T16:58:47.6744289Z   - Downloading symfony/polyfill-mbstring (v1.32.0)
2025-08-11T16:58:47.6745743Z   - Downloading symfony/http-foundation (v7.3.2)
2025-08-11T16:58:47.6748253Z   - Downloading fruitcake/php-cors (v1.3.0)
2025-08-11T16:58:47.6749946Z   - Downloading psr/http-message (2.0)
2025-08-11T16:58:47.6751672Z   - Downloading psr/http-client (1.0.3)
2025-08-11T16:58:47.6753691Z   - Downloading ralouphie/getallheaders (3.0.3)
2025-08-11T16:58:47.6755228Z   - Downloading psr/http-factory (1.1.0)
2025-08-11T16:58:47.6757326Z   - Downloading guzzlehttp/psr7 (2.7.1)
2025-08-11T16:58:47.6759140Z   - Downloading guzzlehttp/promises (2.2.0)
2025-08-11T16:58:47.6760814Z   - Downloading guzzlehttp/guzzle (7.9.3)
2025-08-11T16:58:47.6762835Z   - Downloading symfony/polyfill-php80 (v1.32.0)
2025-08-11T16:58:47.6764270Z   - Downloading guzzlehttp/uri-template (v1.0.4)
2025-08-11T16:58:47.6766650Z   - Downloading intervention/gif (4.2.2)
2025-08-11T16:58:47.6768195Z   - Downloading intervention/image (3.11.4)
2025-08-11T16:58:47.6770396Z   - Downloading symfony/polyfill-intl-normalizer (v1.32.0)
2025-08-11T16:58:47.6771588Z   - Downloading symfony/polyfill-intl-grapheme (v1.32.0)
2025-08-11T16:58:47.6773254Z   - Downloading symfony/string (v7.3.2)
2025-08-11T16:58:47.6774844Z   - Downloading symfony/service-contracts (v3.6.0)
2025-08-11T16:58:47.6776382Z   - Downloading symfony/console (v7.3.2)
2025-08-11T16:58:47.6778390Z   - Downloading nunomaduro/termwind (v2.3.1)
2025-08-11T16:58:47.6780594Z   - Downloading voku/portable-ascii (2.0.3)
2025-08-11T16:58:47.6782701Z   - Downloading phpoption/phpoption (1.9.3)
2025-08-11T16:58:47.6784709Z   - Downloading graham-campbell/result-type (v1.1.3)
2025-08-11T16:58:47.6786624Z   - Downloading vlucas/phpdotenv (v5.6.2)
2025-08-11T16:58:47.6788220Z   - Downloading symfony/css-selector (v7.3.0)
2025-08-11T16:58:47.6790405Z   - Downloading tijsverkoyen/css-to-inline-styles (v2.3.0)
2025-08-11T16:58:47.6791967Z   - Downloading symfony/var-dumper (v7.3.2)
2025-08-11T16:58:47.6793488Z   - Downloading symfony/polyfill-uuid (v1.32.0)
2025-08-11T16:58:47.6794996Z   - Downloading symfony/uid (v7.3.1)
2025-08-11T16:58:47.6796553Z   - Downloading symfony/routing (v7.3.2)
2025-08-11T16:58:47.6798098Z   - Downloading symfony/process (v7.3.0)
2025-08-11T16:58:47.6799789Z   - Downloading symfony/polyfill-intl-idn (v1.32.0)
2025-08-11T16:58:47.6801808Z   - Downloading symfony/mime (v7.3.2)
2025-08-11T16:58:47.6803232Z   - Downloading psr/event-dispatcher (1.0.0)
2025-08-11T16:58:47.6804841Z   - Downloading symfony/event-dispatcher-contracts (v3.6.0)
2025-08-11T16:58:47.6806355Z   - Downloading symfony/event-dispatcher (v7.3.0)
2025-08-11T16:58:47.6807855Z   - Downloading psr/log (3.0.2)
2025-08-11T16:58:47.6810155Z   - Downloading egulias/email-validator (4.0.4)
2025-08-11T16:58:47.6811906Z   - Downloading symfony/mailer (v7.3.2)
2025-08-11T16:58:47.6813888Z   - Downloading symfony/error-handler (v7.3.2)
2025-08-11T16:58:47.6815618Z   - Downloading symfony/http-kernel (v7.3.2)
2025-08-11T16:58:47.6817059Z   - Downloading symfony/finder (v7.3.2)
2025-08-11T16:58:47.6819668Z   - Downloading ramsey/collection (2.1.1)
2025-08-11T16:58:47.6821924Z   - Downloading brick/math (0.13.1)
2025-08-11T16:58:47.6823536Z   - Downloading ramsey/uuid (4.9.0)
2025-08-11T16:58:47.6825551Z   - Downloading psr/simple-cache (3.0.0)
2025-08-11T16:58:47.6827084Z   - Downloading symfony/translation-contracts (v3.6.0)
2025-08-11T16:58:47.6831060Z   - Downloading symfony/translation (v7.3.2)
2025-08-11T16:58:47.6832399Z   - Downloading psr/clock (1.0.0)
2025-08-11T16:58:47.6834353Z   - Downloading symfony/clock (v7.3.0)
2025-08-11T16:58:47.6836672Z   - Downloading carbonphp/carbon-doctrine-types (3.2.0)
2025-08-11T16:58:47.6838813Z   - Downloading nesbot/carbon (3.10.2)
2025-08-11T16:58:47.6841363Z   - Downloading monolog/monolog (3.9.0)
2025-08-11T16:58:47.6843657Z   - Downloading league/uri-interfaces (7.5.0)
2025-08-11T16:58:47.6844995Z   - Downloading league/uri (7.5.1)
2025-08-11T16:58:47.6847036Z   - Downloading league/mime-type-detection (1.16.0)
2025-08-11T16:58:47.6848437Z   - Downloading league/flysystem-local (3.30.0)
2025-08-11T16:58:47.6850471Z   - Downloading league/flysystem (3.30.0)
2025-08-11T16:58:47.6852866Z   - Downloading nette/utils (v4.0.8)
2025-08-11T16:58:47.6854227Z   - Downloading nette/schema (v1.3.2)
2025-08-11T16:58:47.6856700Z   - Downloading dflydev/dot-access-data (v3.0.3)
2025-08-11T16:58:47.6858027Z   - Downloading league/config (v1.2.0)
2025-08-11T16:58:47.6859885Z   - Downloading league/commonmark (2.7.1)
2025-08-11T16:58:47.6862386Z   - Downloading laravel/serializable-closure (v2.0.4)
2025-08-11T16:58:47.6863740Z   - Downloading laravel/prompts (v0.3.6)
2025-08-11T16:58:47.6865755Z   - Downloading laravel/framework (v12.22.1)
2025-08-11T16:58:47.6867180Z   - Downloading laravel/pail (v1.2.3)
2025-08-11T16:58:47.6869196Z   - Downloading laravel/pint (v1.24.0)
2025-08-11T16:58:47.6871127Z   - Downloading symfony/yaml (v7.3.2)
2025-08-11T16:58:47.6872846Z   - Downloading laravel/sail (v1.44.0)
2025-08-11T16:58:47.6874384Z   - Downloading laravel/sanctum (v4.2.0)
2025-08-11T16:58:47.6876792Z   - Downloading nikic/php-parser (v5.6.0)
2025-08-11T16:58:47.6878998Z   - Downloading psy/psysh (v0.12.10)
2025-08-11T16:58:47.6880708Z   - Downloading laravel/tinker (v2.10.1)
2025-08-11T16:58:47.6883094Z   - Downloading hamcrest/hamcrest-php (v2.1.1)
2025-08-11T16:58:47.6885266Z   - Downloading mockery/mockery (1.6.12)
2025-08-11T16:58:47.6887464Z   - Downloading filp/whoops (2.18.4)
2025-08-11T16:58:47.6888912Z   - Downloading nunomaduro/collision (v8.8.2)
2025-08-11T16:58:47.6891613Z   - Downloading staabm/side-effects-detector (1.0.5)
2025-08-11T16:58:47.6893874Z   - Downloading sebastian/version (5.0.2)
2025-08-11T16:58:47.6895237Z   - Downloading sebastian/type (5.1.3)
2025-08-11T16:58:47.6897252Z   - Downloading sebastian/recursion-context (6.0.2)
2025-08-11T16:58:47.6898667Z   - Downloading sebastian/object-reflector (4.0.1)
2025-08-11T16:58:47.6900788Z   - Downloading sebastian/object-enumerator (6.0.1)
2025-08-11T16:58:47.6902221Z   - Downloading sebastian/global-state (7.0.2)
2025-08-11T16:58:47.6904088Z   - Downloading sebastian/exporter (6.3.0)
2025-08-11T16:58:47.6905955Z   - Downloading sebastian/environment (7.2.1)
2025-08-11T16:58:47.6907331Z   - Downloading sebastian/diff (6.0.2)
2025-08-11T16:58:47.6909316Z   - Downloading sebastian/comparator (6.3.1)
2025-08-11T16:58:47.6911179Z   - Downloading sebastian/code-unit (3.0.3)
2025-08-11T16:58:47.6912604Z   - Downloading sebastian/cli-parser (3.0.2)
2025-08-11T16:58:47.6915187Z   - Downloading phpunit/php-timer (7.0.1)
2025-08-11T16:58:47.6916608Z   - Downloading phpunit/php-text-template (4.0.1)
2025-08-11T16:58:47.6918557Z   - Downloading phpunit/php-invoker (5.0.1)
2025-08-11T16:58:47.6920459Z   - Downloading phpunit/php-file-iterator (5.1.0)
2025-08-11T16:58:47.6922657Z   - Downloading theseer/tokenizer (1.2.3)
2025-08-11T16:58:47.6924288Z   - Downloading sebastian/lines-of-code (3.0.1)
2025-08-11T16:58:47.6925893Z   - Downloading sebastian/complexity (4.0.1)
2025-08-11T16:58:47.6927521Z   - Downloading sebastian/code-unit-reverse-lookup (4.0.1)
2025-08-11T16:58:47.6928984Z   - Downloading phpunit/php-code-coverage (11.0.10)
2025-08-11T16:58:47.6931145Z   - Downloading phar-io/version (3.2.1)
2025-08-11T16:58:47.6932679Z   - Downloading phar-io/manifest (2.0.4)
2025-08-11T16:58:47.6934674Z   - Downloading myclabs/deep-copy (1.13.4)
2025-08-11T16:58:47.6936194Z   - Downloading phpunit/phpunit (11.5.29)
2025-08-11T16:58:51.4670209Z   - Installing dasprid/enum (1.0.6): Extracting archive
2025-08-11T16:58:51.4710167Z   - Installing doctrine/inflector (2.0.10): Extracting archive
2025-08-11T16:58:51.4735246Z   - Installing doctrine/lexer (3.0.1): Extracting archive
2025-08-11T16:58:51.4759700Z   - Installing symfony/polyfill-ctype (v1.32.0): Extracting archive
2025-08-11T16:58:51.4784276Z   - Installing webmozart/assert (1.11.0): Extracting archive
2025-08-11T16:58:51.4808357Z   - Installing dragonmantank/cron-expression (v3.4.0): Extracting archive
2025-08-11T16:58:51.4838848Z   - Installing bacon/bacon-qr-code (v3.0.1): Extracting archive
2025-08-11T16:58:51.4870651Z   - Installing endroid/qr-code (6.0.9): Extracting archive
2025-08-11T16:58:51.4920449Z   - Installing symfony/deprecation-contracts (v3.6.0): Extracting archive
2025-08-11T16:58:51.4932480Z   - Installing psr/container (2.0.2): Extracting archive
2025-08-11T16:58:51.5002758Z   - Installing fakerphp/faker (v1.24.1): Extracting archive
2025-08-11T16:58:51.5017028Z   - Installing symfony/polyfill-php83 (v1.32.0): Extracting archive
2025-08-11T16:58:51.5055203Z   - Installing symfony/polyfill-mbstring (v1.32.0): Extracting archive
2025-08-11T16:58:51.5063732Z   - Installing symfony/http-foundation (v7.3.2): Extracting archive
2025-08-11T16:58:51.5066482Z   - Installing fruitcake/php-cors (v1.3.0): Extracting archive
2025-08-11T16:58:51.5069350Z   - Installing psr/http-message (2.0): Extracting archive
2025-08-11T16:58:51.5072393Z   - Installing psr/http-client (1.0.3): Extracting archive
2025-08-11T16:58:51.5075158Z   - Installing ralouphie/getallheaders (3.0.3): Extracting archive
2025-08-11T16:58:51.5077364Z   - Installing psr/http-factory (1.1.0): Extracting archive
2025-08-11T16:58:51.5080021Z   - Installing guzzlehttp/psr7 (2.7.1): Extracting archive
2025-08-11T16:58:51.5082551Z   - Installing guzzlehttp/promises (2.2.0): Extracting archive
2025-08-11T16:58:51.5084997Z   - Installing guzzlehttp/guzzle (7.9.3): Extracting archive
2025-08-11T16:58:51.5087411Z   - Installing symfony/polyfill-php80 (v1.32.0): Extracting archive
2025-08-11T16:58:51.5089934Z   - Installing guzzlehttp/uri-template (v1.0.4): Extracting archive
2025-08-11T16:58:51.5092392Z   - Installing intervention/gif (4.2.2): Extracting archive
2025-08-11T16:58:51.5094723Z   - Installing intervention/image (3.11.4): Extracting archive
2025-08-11T16:58:51.5097290Z   - Installing symfony/polyfill-intl-normalizer (v1.32.0): Extracting archive
2025-08-11T16:58:51.5099760Z   - Installing symfony/polyfill-intl-grapheme (v1.32.0): Extracting archive
2025-08-11T16:58:51.5102271Z   - Installing symfony/string (v7.3.2): Extracting archive
2025-08-11T16:58:51.5104583Z   - Installing symfony/service-contracts (v3.6.0): Extracting archive
2025-08-11T16:58:51.5107013Z   - Installing symfony/console (v7.3.2): Extracting archive
2025-08-11T16:58:51.5109793Z   - Installing nunomaduro/termwind (v2.3.1): Extracting archive
2025-08-11T16:58:51.5112103Z   - Installing voku/portable-ascii (2.0.3): Extracting archive
2025-08-11T16:58:51.5114525Z   - Installing phpoption/phpoption (1.9.3): Extracting archive
2025-08-11T16:58:51.5117077Z   - Installing graham-campbell/result-type (v1.1.3): Extracting archive
2025-08-11T16:58:51.5119564Z   - Installing vlucas/phpdotenv (v5.6.2): Extracting archive
2025-08-11T16:58:51.5122142Z   - Installing symfony/css-selector (v7.3.0): Extracting archive
2025-08-11T16:58:51.5124599Z   - Installing tijsverkoyen/css-to-inline-styles (v2.3.0): Extracting archive
2025-08-11T16:58:51.5127101Z   - Installing symfony/var-dumper (v7.3.2): Extracting archive
2025-08-11T16:58:51.5129802Z   - Installing symfony/polyfill-uuid (v1.32.0): Extracting archive
2025-08-11T16:58:51.5132064Z   - Installing symfony/uid (v7.3.1): Extracting archive
2025-08-11T16:58:51.5134558Z   - Installing symfony/routing (v7.3.2): Extracting archive
2025-08-11T16:58:51.5137088Z   - Installing symfony/process (v7.3.0): Extracting archive
2025-08-11T16:58:51.5139598Z   - Installing symfony/polyfill-intl-idn (v1.32.0): Extracting archive
2025-08-11T16:58:51.5141948Z   - Installing symfony/mime (v7.3.2): Extracting archive
2025-08-11T16:58:51.5144321Z   - Installing psr/event-dispatcher (1.0.0): Extracting archive
2025-08-11T16:58:51.5146754Z   - Installing symfony/event-dispatcher-contracts (v3.6.0): Extracting archive
2025-08-11T16:58:51.5149849Z   - Installing symfony/event-dispatcher (v7.3.0): Extracting archive
2025-08-11T16:58:51.5152313Z   - Installing psr/log (3.0.2): Extracting archive
2025-08-11T16:58:51.5154894Z   - Installing egulias/email-validator (4.0.4): Extracting archive
2025-08-11T16:58:51.5157568Z   - Installing symfony/mailer (v7.3.2): Extracting archive
2025-08-11T16:58:51.5160574Z   - Installing symfony/error-handler (v7.3.2): Extracting archive
2025-08-11T16:58:51.5163120Z   - Installing symfony/http-kernel (v7.3.2): Extracting archive
2025-08-11T16:58:51.5165504Z   - Installing symfony/finder (v7.3.2): Extracting archive
2025-08-11T16:58:51.5167832Z   - Installing ramsey/collection (2.1.1): Extracting archive
2025-08-11T16:58:51.5170504Z   - Installing brick/math (0.13.1): Extracting archive
2025-08-11T16:58:51.5172921Z   - Installing ramsey/uuid (4.9.0): Extracting archive
2025-08-11T16:58:51.5175308Z   - Installing psr/simple-cache (3.0.0): Extracting archive
2025-08-11T16:58:51.5177891Z   - Installing symfony/translation-contracts (v3.6.0): Extracting archive
2025-08-11T16:58:51.5180303Z   - Installing symfony/translation (v7.3.2): Extracting archive
2025-08-11T16:58:51.5182896Z   - Installing psr/clock (1.0.0): Extracting archive
2025-08-11T16:58:51.5185250Z   - Installing symfony/clock (v7.3.0): Extracting archive
2025-08-11T16:58:51.5187680Z   - Installing carbonphp/carbon-doctrine-types (3.2.0): Extracting archive
2025-08-11T16:58:51.5190284Z   - Installing nesbot/carbon (3.10.2): Extracting archive
2025-08-11T16:58:51.5192859Z   - Installing monolog/monolog (3.9.0): Extracting archive
2025-08-11T16:58:51.5195615Z   - Installing league/uri-interfaces (7.5.0): Extracting archive
2025-08-11T16:58:51.5198245Z   - Installing league/uri (7.5.1): Extracting archive
2025-08-11T16:58:51.5200936Z   - Installing league/mime-type-detection (1.16.0): Extracting archive
2025-08-11T16:58:51.5203584Z   - Installing league/flysystem-local (3.30.0): Extracting archive
2025-08-11T16:58:51.5206149Z   - Installing league/flysystem (3.30.0): Extracting archive
2025-08-11T16:58:51.5208620Z   - Installing nette/utils (v4.0.8): Extracting archive
2025-08-11T16:58:51.5211328Z   - Installing nette/schema (v1.3.2): Extracting archive
2025-08-11T16:58:51.5213696Z   - Installing dflydev/dot-access-data (v3.0.3): Extracting archive
2025-08-11T16:58:51.5216039Z   - Installing league/config (v1.2.0): Extracting archive
2025-08-11T16:58:51.5218503Z   - Installing league/commonmark (2.7.1): Extracting archive
2025-08-11T16:58:51.5221166Z   - Installing laravel/serializable-closure (v2.0.4): Extracting archive
2025-08-11T16:58:51.5224086Z   - Installing laravel/prompts (v0.3.6): Extracting archive
2025-08-11T16:58:51.5226227Z   - Installing laravel/framework (v12.22.1): Extracting archive
2025-08-11T16:58:51.5228702Z   - Installing laravel/pail (v1.2.3): Extracting archive
2025-08-11T16:58:51.5231408Z   - Installing laravel/pint (v1.24.0): Extracting archive
2025-08-11T16:58:51.5233924Z   - Installing symfony/yaml (v7.3.2): Extracting archive
2025-08-11T16:58:51.5236501Z   - Installing laravel/sail (v1.44.0): Extracting archive
2025-08-11T16:58:51.5238848Z   - Installing laravel/sanctum (v4.2.0): Extracting archive
2025-08-11T16:58:51.5241583Z   - Installing nikic/php-parser (v5.6.0): Extracting archive
2025-08-11T16:58:51.5244213Z   - Installing psy/psysh (v0.12.10): Extracting archive
2025-08-11T16:58:51.5246659Z   - Installing laravel/tinker (v2.10.1): Extracting archive
2025-08-11T16:58:51.5249177Z   - Installing hamcrest/hamcrest-php (v2.1.1): Extracting archive
2025-08-11T16:58:51.5252224Z   - Installing mockery/mockery (1.6.12): Extracting archive
2025-08-11T16:58:51.5254567Z   - Installing filp/whoops (2.18.4): Extracting archive
2025-08-11T16:58:51.5256976Z   - Installing nunomaduro/collision (v8.8.2): Extracting archive
2025-08-11T16:58:51.5260679Z   - Installing staabm/side-effects-detector (1.0.5): Extracting archive
2025-08-11T16:58:51.5263095Z   - Installing sebastian/version (5.0.2): Extracting archive
2025-08-11T16:58:51.5265621Z   - Installing sebastian/type (5.1.3): Extracting archive
2025-08-11T16:58:51.5268480Z   - Installing sebastian/recursion-context (6.0.2): Extracting archive
2025-08-11T16:58:51.5271537Z   - Installing sebastian/object-reflector (4.0.1): Extracting archive
2025-08-11T16:58:51.5273929Z   - Installing sebastian/object-enumerator (6.0.1): Extracting archive
2025-08-11T16:58:51.5277406Z   - Installing sebastian/global-state (7.0.2): Extracting archive
2025-08-11T16:58:51.5280001Z   - Installing sebastian/exporter (6.3.0): Extracting archive
2025-08-11T16:58:51.5282638Z   - Installing sebastian/environment (7.2.1): Extracting archive
2025-08-11T16:58:51.5285066Z   - Installing sebastian/diff (6.0.2): Extracting archive
2025-08-11T16:58:51.5287467Z   - Installing sebastian/comparator (6.3.1): Extracting archive
2025-08-11T16:58:51.5289975Z   - Installing sebastian/code-unit (3.0.3): Extracting archive
2025-08-11T16:58:51.5293543Z   - Installing sebastian/cli-parser (3.0.2): Extracting archive
2025-08-11T16:58:51.5296876Z   - Installing phpunit/php-timer (7.0.1): Extracting archive
2025-08-11T16:58:51.5300777Z   - Installing phpunit/php-text-template (4.0.1): Extracting archive
2025-08-11T16:58:51.5303870Z   - Installing phpunit/php-invoker (5.0.1): Extracting archive
2025-08-11T16:58:51.5306855Z   - Installing phpunit/php-file-iterator (5.1.0): Extracting archive
2025-08-11T16:58:51.5309241Z   - Installing theseer/tokenizer (1.2.3): Extracting archive
2025-08-11T16:58:51.5311818Z   - Installing sebastian/lines-of-code (3.0.1): Extracting archive
2025-08-11T16:58:51.5314206Z   - Installing sebastian/complexity (4.0.1): Extracting archive
2025-08-11T16:58:51.5316735Z   - Installing sebastian/code-unit-reverse-lookup (4.0.1): Extracting archive
2025-08-11T16:58:51.5318977Z   - Installing phpunit/php-code-coverage (11.0.10): Extracting archive
2025-08-11T16:58:51.5321638Z   - Installing phar-io/version (3.2.1): Extracting archive
2025-08-11T16:58:51.5324067Z   - Installing phar-io/manifest (2.0.4): Extracting archive
2025-08-11T16:58:51.5326640Z   - Installing myclabs/deep-copy (1.13.4): Extracting archive
2025-08-11T16:58:51.5329144Z   - Installing phpunit/phpunit (11.5.29): Extracting archive
2025-08-11T16:58:53.0684211Z Generating optimized autoload files
2025-08-11T16:58:54.7577726Z > @php artisan config:clear
2025-08-11T16:58:54.9283771Z 
2025-08-11T16:58:54.9284300Z    INFO  Configuration cache cleared successfully.  
2025-08-11T16:58:54.9284623Z 
2025-08-11T16:58:54.9399395Z > @php artisan clear-compiled
2025-08-11T16:58:55.0995050Z 
2025-08-11T16:58:55.0995745Z    INFO  Compiled services and packages files removed successfully.  
2025-08-11T16:58:55.0996118Z 
2025-08-11T16:58:55.1110598Z > @php artisan package:discover --ansi
2025-08-11T16:58:55.2752699Z 
2025-08-11T16:58:55.2753380Z   [37;44m INFO [39;49m Discovering packages.  
2025-08-11T16:58:55.2753653Z 
2025-08-11T16:58:55.2829780Z   laravel/pail [90m.[39m[90m.[39m[90m.[39m[90m.[39m[90m.[39m[90m.[39m[90m.[39m[90m.[39m[90m.[39m[90m.[39m[90m.[39m[90m.[39m[90m.[39m[90m.[39m[90m.[39m[90m.[39m[90m.[39m[90m.[39m[90m.[39m[90m.[39m[90m.[39m[90m.[39m[90m.[39m[90m.[39m[90m.[39m[90m.[39m[90m.[39m[90m.[39m[90m.[39m[90m.[39m[90m.[39m[90m.[39m[90m.[39m[90m.[39m[90m.[39m[90m.[39m[90m.[39m[90m.[39m[90m.[39m[90m.[39m[90m.[39m[90m.[39m[90m.[39m[90m.[39m[90m.[39m[90m.[39m[90m.[39m[90m.[39m[90m.[39m[90m.[39m[90m.[39m[90m.[39m[90m.[39m[90m.[39m[90m.[39m[90m.[39m[90m.[39m[90m.[39m [32;1mDONE[39;22m
2025-08-11T16:58:55.2878199Z   laravel/sail [90m.[39m[90m.[39m[90m.[39m[90m.[39m[90m.[39m[90m.[39m[90m.[39m[90m.[39m[90m.[39m[90m.[39m[90m.[39m[90m.[39m[90m.[39m[90m.[39m[90m.[39m[90m.[39m[90m.[39m[90m.[39m[90m.[39m[90m.[39m[90m.[39m[90m.[39m[90m.[39m[90m.[39m[90m.[39m[90m.[39m[90m.[39m[90m.[39m[90m.[39m[90m.[39m[90m.[39m[90m.[39m[90m.[39m[90m.[39m[90m.[39m[90m.[39m[90m.[39m[90m.[39m[90m.[39m[90m.[39m[90m.[39m[90m.[39m[90m.[39m[90m.[39m[90m.[39m[90m.[39m[90m.[39m[90m.[39m[90m.[39m[90m.[39m[90m.[39m[90m.[39m[90m.[39m[90m.[39m[90m.[39m[90m.[39m[90m.[39m[90m.[39m [32;1mDONE[39;22m
2025-08-11T16:58:55.2923872Z   laravel/sanctum [90m.[39m[90m.[39m[90m.[39m[90m.[39m[90m.[39m[90m.[39m[90m.[39m[90m.[39m[90m.[39m[90m.[39m[90m.[39m[90m.[39m[90m.[39m[90m.[39m[90m.[39m[90m.[39m[90m.[39m[90m.[39m[90m.[39m[90m.[39m[90m.[39m[90m.[39m[90m.[39m[90m.[39m[90m.[39m[90m.[39m[90m.[39m[90m.[39m[90m.[39m[90m.[39m[90m.[39m[90m.[39m[90m.[39m[90m.[39m[90m.[39m[90m.[39m[90m.[39m[90m.[39m[90m.[39m[90m.[39m[90m.[39m[90m.[39m[90m.[39m[90m.[39m[90m.[39m[90m.[39m[90m.[39m[90m.[39m[90m.[39m[90m.[39m[90m.[39m[90m.[39m[90m.[39m[90m.[39m[90m.[39m [32;1mDONE[39;22m
2025-08-11T16:58:55.2970718Z   laravel/tinker [90m.[39m[90m.[39m[90m.[39m[90m.[39m[90m.[39m[90m.[39m[90m.[39m[90m.[39m[90m.[39m[90m.[39m[90m.[39m[90m.[39m[90m.[39m[90m.[39m[90m.[39m[90m.[39m[90m.[39m[90m.[39m[90m.[39m[90m.[39m[90m.[39m[90m.[39m[90m.[39m[90m.[39m[90m.[39m[90m.[39m[90m.[39m[90m.[39m[90m.[39m[90m.[39m[90m.[39m[90m.[39m[90m.[39m[90m.[39m[90m.[39m[90m.[39m[90m.[39m[90m.[39m[90m.[39m[90m.[39m[90m.[39m[90m.[39m[90m.[39m[90m.[39m[90m.[39m[90m.[39m[90m.[39m[90m.[39m[90m.[39m[90m.[39m[90m.[39m[90m.[39m[90m.[39m[90m.[39m[90m.[39m[90m.[39m [32;1mDONE[39;22m
2025-08-11T16:58:55.3018046Z   nesbot/carbon [90m.[39m[90m.[39m[90m.[39m[90m.[39m[90m.[39m[90m.[39m[90m.[39m[90m.[39m[90m.[39m[90m.[39m[90m.[39m[90m.[39m[90m.[39m[90m.[39m[90m.[39m[90m.[39m[90m.[39m[90m.[39m[90m.[39m[90m.[39m[90m.[39m[90m.[39m[90m.[39m[90m.[39m[90m.[39m[90m.[39m[90m.[39m[90m.[39m[90m.[39m[90m.[39m[90m.[39m[90m.[39m[90m.[39m[90m.[39m[90m.[39m[90m.[39m[90m.[39m[90m.[39m[90m.[39m[90m.[39m[90m.[39m[90m.[39m[90m.[39m[90m.[39m[90m.[39m[90m.[39m[90m.[39m[90m.[39m[90m.[39m[90m.[39m[90m.[39m[90m.[39m[90m.[39m[90m.[39m[90m.[39m[90m.[39m[90m.[39m [32;1mDONE[39;22m
2025-08-11T16:58:55.3059264Z   nunomaduro/collision [90m.[39m[90m.[39m[90m.[39m[90m.[39m[90m.[39m[90m.[39m[90m.[39m[90m.[39m[90m.[39m[90m.[39m[90m.[39m[90m.[39m[90m.[39m[90m.[39m[90m.[39m[90m.[39m[90m.[39m[90m.[39m[90m.[39m[90m.[39m[90m.[39m[90m.[39m[90m.[39m[90m.[39m[90m.[39m[90m.[39m[90m.[39m[90m.[39m[90m.[39m[90m.[39m[90m.[39m[90m.[39m[90m.[39m[90m.[39m[90m.[39m[90m.[39m[90m.[39m[90m.[39m[90m.[39m[90m.[39m[90m.[39m[90m.[39m[90m.[39m[90m.[39m[90m.[39m[90m.[39m[90m.[39m[90m.[39m[90m.[39m[90m.[39m [32;1mDONE[39;22m
2025-08-11T16:58:55.3102653Z   nunomaduro/termwind [90m.[39m[90m.[39m[90m.[39m[90m.[39m[90m.[39m[90m.[39m[90m.[39m[90m.[39m[90m.[39m[90m.[39m[90m.[39m[90m.[39m[90m.[39m[90m.[39m[90m.[39m[90m.[39m[90m.[39m[90m.[39m[90m.[39m[90m.[39m[90m.[39m[90m.[39m[90m.[39m[90m.[39m[90m.[39m[90m.[39m[90m.[39m[90m.[39m[90m.[39m[90m.[39m[90m.[39m[90m.[39m[90m.[39m[90m.[39m[90m.[39m[90m.[39m[90m.[39m[90m.[39m[90m.[39m[90m.[39m[90m.[39m[90m.[39m[90m.[39m[90m.[39m[90m.[39m[90m.[39m[90m.[39m[90m.[39m[90m.[39m[90m.[39m[90m.[39m [32;1mDONE[39;22m
2025-08-11T16:58:55.3103996Z 
2025-08-11T16:58:55.3244779Z 82 packages you are using are looking for funding.
2025-08-11T16:58:55.3245308Z Use the `composer fund` command to find out more!
2025-08-11T16:58:55.3780089Z ##[error]The operation was canceled.
2025-08-11T16:58:55.3861790Z Post job cleanup.
2025-08-11T16:58:55.4823435Z [command]/usr/bin/git version
2025-08-11T16:58:55.4859784Z git version 2.50.1
2025-08-11T16:58:55.4902599Z Temporarily overriding HOME='/home/runner/work/_temp/9733f3b7-877d-4d59-b38b-f764344ae3c0' before making global git config changes
2025-08-11T16:58:55.4903725Z Adding repository directory to the temporary git global config as a safe directory
2025-08-11T16:58:55.4908320Z [command]/usr/bin/git config --global --add safe.directory /home/runner/work/unifiedcontractors-project/unifiedcontractors-project
2025-08-11T16:58:55.4942995Z [command]/usr/bin/git config --local --name-only --get-regexp core\.sshCommand
2025-08-11T16:58:55.4974353Z [command]/usr/bin/git submodule foreach --recursive sh -c "git config --local --name-only --get-regexp 'core\.sshCommand' && git config --local --unset-all 'core.sshCommand' || :"
2025-08-11T16:58:55.5227300Z [command]/usr/bin/git config --local --name-only --get-regexp http\.https\:\/\/github\.com\/\.extraheader
2025-08-11T16:58:55.5248700Z http.https://github.com/.extraheader
2025-08-11T16:58:55.5261580Z [command]/usr/bin/git config --local --unset-all http.https://github.com/.extraheader
2025-08-11T16:58:55.5292352Z [command]/usr/bin/git submodule foreach --recursive sh -c "git config --local --name-only --get-regexp 'http\.https\:\/\/github\.com\/\.extraheader' && git config --local --unset-all 'http.https://github.com/.extraheader' || :"
2025-08-11T16:58:55.5636261Z Print service container logs: 2e30cd4e90ce4596823cb8d69c77138c_mysql80_a767b3
2025-08-11T16:58:55.5641487Z ##[command]/usr/bin/docker logs --details 802ee655e8bbd83831da2bd25f3dbe594a23c5f5e3c213e852863b62bac2c8de
2025-08-11T16:58:55.5766768Z  2025-08-11 16:58:20+00:00 [Note] [Entrypoint]: Entrypoint script for MySQL Server 8.0.43-1.el9 started.
2025-08-11T16:58:55.5769205Z  2025-08-11T16:58:20.297492Z 0 [Warning] [MY-011068] [Server] The syntax '--skip-host-cache' is deprecated and will be removed in a future release. Please use SET GLOBAL host_cache_size=0 instead.
2025-08-11T16:58:55.5770955Z  2025-08-11T16:58:20.297586Z 0 [System] [MY-013169] [Server] /usr/sbin/mysqld (mysqld 8.0.43) initializing of server in progress as process 80
2025-08-11T16:58:55.5772060Z  2025-08-11T16:58:20.302479Z 1 [System] [MY-013576] [InnoDB] InnoDB initialization has started.
2025-08-11T16:58:55.5772934Z  2025-08-11T16:58:20.471639Z 1 [System] [MY-013577] [InnoDB] InnoDB initialization has ended.
2025-08-11T16:58:55.5774271Z  2025-08-11T16:58:21.135628Z 6 [Warning] [MY-010453] [Server] root@localhost is created with an empty password ! Please consider switching off the --initialize-insecure option.
2025-08-11T16:58:55.5776068Z  2025-08-11T16:58:23.482147Z 0 [Warning] [MY-011068] [Server] The syntax '--skip-host-cache' is deprecated and will be removed in a future release. Please use SET GLOBAL host_cache_size=0 instead.
2025-08-11T16:58:55.5777538Z  2025-08-11T16:58:23.483519Z 0 [System] [MY-010116] [Server] /usr/sbin/mysqld (mysqld 8.0.43) starting as process 124
2025-08-11T16:58:55.5778442Z  2025-08-11T16:58:23.492408Z 1 [System] [MY-013576] [InnoDB] InnoDB initialization has started.
2025-08-11T16:58:55.5779256Z  2025-08-11T16:58:23.573647Z 1 [System] [MY-013577] [InnoDB] InnoDB initialization has ended.
2025-08-11T16:58:55.5780280Z  2025-08-11T16:58:23.742347Z 0 [Warning] [MY-010068] [Server] CA certificate ca.pem is self signed.
2025-08-11T16:58:55.5781507Z  2025-08-11T16:58:23.742384Z 0 [System] [MY-013602] [Server] Channel mysql_main configured to support TLS. Encrypted connections are now supported for this channel.
2025-08-11T16:58:55.5783312Z  2025-08-11T16:58:23.744019Z 0 [Warning] [MY-011810] [Server] Insecure configuration for --pid-file: Location '/var/run/mysqld' in the path is accessible to all OS users. Consider choosing a different directory.
2025-08-11T16:58:55.5784911Z  2025-08-11T16:58:23.756487Z 0 [System] [MY-011323] [Server] X Plugin ready for connections. Socket: /var/run/mysqld/mysqlx.sock
2025-08-11T16:58:55.5786609Z  2025-08-11T16:58:23.756578Z 0 [System] [MY-010931] [Server] /usr/sbin/mysqld: ready for connections. Version: '8.0.43'  socket: '/var/run/mysqld/mysqld.sock'  port: 0  MySQL Community Server - GPL.
2025-08-11T16:58:55.5787945Z  Warning: Unable to load '/usr/share/zoneinfo/iso3166.tab' as time zone. Skipping it.
2025-08-11T16:58:55.5788748Z  Warning: Unable to load '/usr/share/zoneinfo/leap-seconds.list' as time zone. Skipping it.
2025-08-11T16:58:55.5789286Z  Warning: Unable to load '/usr/share/zoneinfo/leapseconds' as time zone. Skipping it.
2025-08-11T16:58:55.5790008Z  Warning: Unable to load '/usr/share/zoneinfo/tzdata.zi' as time zone. Skipping it.
2025-08-11T16:58:55.5790473Z  Warning: Unable to load '/usr/share/zoneinfo/zone.tab' as time zone. Skipping it.
2025-08-11T16:58:55.5790953Z  Warning: Unable to load '/usr/share/zoneinfo/zone1970.tab' as time zone. Skipping it.
2025-08-11T16:58:55.5791562Z  2025-08-11T16:58:25.448267Z 11 [System] [MY-013172] [Server] Received SHUTDOWN from user root. Shutting down mysqld (Version: 8.0.43).
2025-08-11T16:58:55.5792305Z  2025-08-11T16:58:26.205093Z 0 [System] [MY-010910] [Server] /usr/sbin/mysqld: Shutdown complete (mysqld 8.0.43)  MySQL Community Server - GPL.
2025-08-11T16:58:55.5793204Z  2025-08-11T16:58:26.632359Z 0 [Warning] [MY-011068] [Server] The syntax '--skip-host-cache' is deprecated and will be removed in a future release. Please use SET GLOBAL host_cache_size=0 instead.
2025-08-11T16:58:55.5794207Z  2025-08-11T16:58:26.633698Z 0 [System] [MY-010116] [Server] /usr/sbin/mysqld (mysqld 8.0.43) starting as process 1
2025-08-11T16:58:55.5794747Z  2025-08-11T16:58:26.638730Z 1 [System] [MY-013576] [InnoDB] InnoDB initialization has started.
2025-08-11T16:58:55.5795222Z  2025-08-11T16:58:26.722671Z 1 [System] [MY-013577] [InnoDB] InnoDB initialization has ended.
2025-08-11T16:58:55.5795715Z  2025-08-11T16:58:26.873400Z 0 [Warning] [MY-010068] [Server] CA certificate ca.pem is self signed.
2025-08-11T16:58:55.5796405Z  2025-08-11T16:58:26.873432Z 0 [System] [MY-013602] [Server] Channel mysql_main configured to support TLS. Encrypted connections are now supported for this channel.
2025-08-11T16:58:55.5797416Z  2025-08-11T16:58:26.874979Z 0 [Warning] [MY-011810] [Server] Insecure configuration for --pid-file: Location '/var/run/mysqld' in the path is accessible to all OS users. Consider choosing a different directory.
2025-08-11T16:58:55.5798629Z  2025-08-11T16:58:26.887632Z 0 [System] [MY-011323] [Server] X Plugin ready for connections. Bind-address: '::' port: 33060, socket: /var/run/mysqld/mysqlx.sock
2025-08-11T16:58:55.5799791Z  2025-08-11T16:58:26.887714Z 0 [System] [MY-010931] [Server] /usr/sbin/mysqld: ready for connections. Version: '8.0.43'  socket: '/var/run/mysqld/mysqld.sock'  port: 3306  MySQL Community Server - GPL.
2025-08-11T16:58:55.5800541Z  2025-08-11 16:58:20+00:00 [Note] [Entrypoint]: Switching to dedicated user 'mysql'
2025-08-11T16:58:55.5801008Z  2025-08-11 16:58:20+00:00 [Note] [Entrypoint]: Entrypoint script for MySQL Server 8.0.43-1.el9 started.
2025-08-11T16:58:55.5801459Z  2025-08-11 16:58:20+00:00 [Note] [Entrypoint]: Initializing database files
2025-08-11T16:58:55.5801822Z  2025-08-11 16:58:23+00:00 [Note] [Entrypoint]: Database files initialized
2025-08-11T16:58:55.5802187Z  2025-08-11 16:58:23+00:00 [Note] [Entrypoint]: Starting temporary server
2025-08-11T16:58:55.5802556Z  2025-08-11 16:58:23+00:00 [Note] [Entrypoint]: Temporary server started.
2025-08-11T16:58:55.5802939Z  '/var/lib/mysql/mysql.sock' -> '/var/run/mysqld/mysqld.sock'
2025-08-11T16:58:55.5803348Z  2025-08-11 16:58:25+00:00 [Note] [Entrypoint]: Creating database unified_contractors_test
2025-08-11T16:58:55.5803673Z  
2025-08-11T16:58:55.5803907Z  2025-08-11 16:58:25+00:00 [Note] [Entrypoint]: Stopping temporary server
2025-08-11T16:58:55.5804291Z  2025-08-11 16:58:26+00:00 [Note] [Entrypoint]: Temporary server stopped
2025-08-11T16:58:55.5804570Z  
2025-08-11T16:58:55.5804838Z  2025-08-11 16:58:26+00:00 [Note] [Entrypoint]: MySQL init process done. Ready for start up.
2025-08-11T16:58:55.5805170Z  
2025-08-11T16:58:55.5811398Z Stop and remove container: 2e30cd4e90ce4596823cb8d69c77138c_mysql80_a767b3
2025-08-11T16:58:55.5816025Z ##[command]/usr/bin/docker rm --force 802ee655e8bbd83831da2bd25f3dbe594a23c5f5e3c213e852863b62bac2c8de
2025-08-11T16:58:57.6315754Z 802ee655e8bbd83831da2bd25f3dbe594a23c5f5e3c213e852863b62bac2c8de
2025-08-11T16:58:57.6342933Z Remove container network: github_network_78949c678375402682e314ca999e689e
2025-08-11T16:58:57.6347131Z ##[command]/usr/bin/docker network rm github_network_78949c678375402682e314ca999e689e
2025-08-11T16:58:57.7524569Z github_network_78949c678375402682e314ca999e689e
2025-08-11T16:58:57.7584647Z Cleaning up orphan processes
